2026-09-02T02:21:29+08:00 [锁] 接管残留锁：前持有 pid=24391（run_id=sm-20260901T180932Z-01f6）已退出，flock 已随进程释放
2026-09-02T02:21:29+08:00 [恢复] 从恢复点续跑：前次 running（run_id=sm-20260901T180932Z-01f6）→ 新 attempt sm-20260901T182129Z-f9d3
2026-09-02T02:21:29+08:00 [恢复] resume：沿用原输入清单 hash=sha256:33c09f9323c2（不重新冻结）与恢复点 {'ingest': 'pending', 'dedup': 'pending', 'brain_refresh': 'pending', 'verify': 'pending'}
2026-09-02T02:21:29+08:00 [恢复] 阶段 ingest 尝试计数重置（新一轮 attempt）
2026-09-02T02:21:29+08:00 [阶段] 开始 ingest（第 1 次尝试）
2026-09-02T02:21:29+08:00 [阶段] horizon 抓取：--hours=26
2026-09-02T08:22:44+08:00 [上游] 源失败（不致命）：[09/02/26 02:24:28] WARNING  Error fetching RSS feed GameLook:
2026-09-02T08:22:44+08:00 [上游] 源失败（不致命）：HTTPError('HTTP 403 Forbidden for URL:
2026-09-02T08:22:44+08:00 [上游] 源失败（不致命）：&lr=lang_en&cr=countryUS', 403,
2026-09-02T08:22:44+08:00 [上游] 源失败（不致命）：HTTPError('HTTP 403 Forbidden for URL:
2026-09-02T08:22:44+08:00 [上游] 源失败（不致命）：403,
2026-09-02T08:22:44+08:00 [上游] 源失败（不致命）：HTTPError('HTTP 403 Forbidden for URL:
2026-09-02T08:22:44+08:00 [上游] 源失败（不致命）：&hl=en-US&lr=lang_en&cr=countryUS', 403,
2026-09-02T08:22:44+08:00 [上游] 源失败（不致命）：HTTPError('HTTP 403 Forbidden for URL:
2026-09-02T08:22:44+08:00 [上游] 源失败（不致命）：lr=lang_en&cr=countryUS', 403,
2026-09-02T08:22:44+08:00 [阶段] 适配器入库（幂等判重：frontmatter id）
2026-09-02T08:22:47+08:00 [阶段] 适配器：合计: 条目 32 | 新入库 32 | 跳过 0 | 抓取失败 0
2026-09-02T08:22:47+08:00 [阶段] ingest 完成：本轮新卡 32 张（幂等判重后）
2026-09-02T08:22:47+08:00 [阶段] ingest ok：新卡 32
2026-09-02T08:22:47+08:00 [运行时] 预算耗尽，停在恢复点 ingest 之后
2026-09-02T08:22:47+08:00 [状态] failed：阶段=dedup 分类=运行时；恢复点已保留，可 resume
2026-09-02T08:22:47+08:00 [锁] 已释放（run_id=sm-20260901T182129Z-f9d3）
